// Jest Snapshot v1, https://goo.gl/fbAQLP

exports[`Order.js all right 1`] = `
<div
  className="Order"
>
  <div
    className="Order-header"
  >
    <span
      className="Order-shop"
    >
      Alihandro Express
    </span>
    <span
      id="date"
    >
      31 февраля, пн, 2021 год
    </span>
  </div>
  <div
    className="Order-items"
  >
    <div
      className="Order-item"
      key="0"
    >
      Утиный пластмасса для показ новый год
    </div>
    <div
      className="Order-item"
      key="1"
    >
      Курица из нержавеющей стали, утка, гусь, голубь, питьевой фонтан
    </div>
    <div
      className="Order-item"
      key="2"
    >
      Новый стиль один розница яйцо для упаковки форма латекс
    </div>
  </div>
</div>
`;

exports[`Order.js no order 1`] = `""`;

exports[`Order.js no shop, date in order 1`] = `""`;
